17
======================================================================
================================......================================
=================================....>================================
==============================........================================
=========================.......======================================
=====================........=========================================
================.........=============================================
===============....===================================================
============.....=====================================================
=============..=========================.....=========================
=========......========================.........======================
======.....===========================...........=====================
====.....==========================.......====........================
===....=============================......========........============
=====....======================.........============...........=======
====.......================.........==============....................
=========....==========.......=============================.........<.
======.....================.....==============================........
====.....====================....=====================================
====.......===================.....===================================
========......=================.......================================
=======........==============.......==================================
=============...=========.........====================================
============.....============........=================================
=======.......=============.......====================================
=====.....===========..........=======================================
====.....==============....?.......===================================
==......================......========================================
======....=========........===========================================
========.....===.........=============================================
==========............================================================
======================================================================
======================================================================
======================================================================
======================================================================
-
68 17 garden 2 17
37 2 darkness 4 32