7
TTTTTTTTTTTTTTTTTTTTTTTTTTTTTTTTTTTTTTTTTTTTTTTTTTTTTTTTTTTTTTTTTTTTTT
TTTTT,,,,,,,,######################,,,,,,,,,,,TTTTTTTTTTTTTTTTTTT,,,,T
TTT,,,,,,,,,,#....................#,,,,,,,,,,,,,,,,,,,,,,TTTTT,,,,,,TT
TT,,,,,,,,,,,/...............?....#,,,,,,,,,,,,,,,,,,,,,,,,,,,,,,,TTTT
TTT,,,,,,,,,,#....................#,,,,,,,,,,,,,,,,,,,,,,,,,,,,,,,,TTT
TT,,,,,,,,,,,######################,,,,,,,,,,,,,,,,,,,,,,,,,,,,,,,,,,T
T,,,,,,,,,,,,,,,,,,,,,,,,,,,,,,,,,,,,,,,,,,,,,,,,,,,,,,,,,,,,,,,,,,,,T
TT,,,TT,,,,,TTTTTT,,,,,,,,,,,,,,,,,,,,,,,,,,,,,,,,,,,,,,,,,,,,,,,,,,TT
T,,,,,TT,,,,,,,TTTTTTTTT,,,,,,,,,,,,,,,,,,,,,,TTTTT,,,,,,,,,,,TTTTTTTT
T,,,,TTTT,,,,TTTTTTT,,,,,,,,,,,,,,,,TTTTTTTTTTT,,,,,,,,,TTTTTTTTTTTTTT
<,,,,,TTTTTTTTTTTT,,,,,,,,,TTTTTTTTTTTTTTTT,,,,,,,,,,TTTTTTTTTTTTTTTTT
T,,,,,,,TTTTTTTTTTTT,,,,,,,,,,,,TTTTTTTT,,,,,,,,,,TTTTTTTTT,,,,,,,TTTT
TT,,,,TTTTTTTTTTTTTTTTTTT,,,,,,,,,,,,,,,,,,,TTTTTTTTTT,,,,,,,,,,,,,TTT
TTTTTTTTTTTTTTTTTTTTTTTTTTTTT,,,,,,,,,,,,TTTTTTTTT,,,,,,,,,,,,,,,,,,TT
TTTTTTTTTTTTTTTTTTTTTTTTTTTTTTTT,,,,,,,,TTT,,,,,,,,,,,,,,,,,,,,,,,,TTT
TTTTTTTTTTTTTTTTTTTTTTTTTTT,,,,,,,,,,,,,,,,,,,,,,,,,,,,,,,,,,,,,,TTTTT
TTTTTTTTTTTTTTTTTTTTTTTT,,,,,,,,,,,,,,,,,,,,,,,,,,,,,,,,,,,,,,,TTTTTTT
TTTTTTTTTTTTTTTTTTTTTT,,,,,,,,,,,,,,,,,,,,,,,,,TTTTTT,,,,,,,,,,,TTTTTT
TT,,,,TTTTTTTTTTTTTT,,,,,,,,,,,,,,,,,,,,,,TTTTTTTTT,,,,,,,,,,,,,,TTTTT
T,,,TTTTT,,,,,,,,,,,,,,,,,,TTTTT,,,,,,,,,,,,,,TTTTT,,,,,,T,,,,,,,,,TTT
T,,,,,,,,,,,,,,,,,,,,,,,,,TTTTTTTT,,,,,,,,,,,,,,,TTTT,,,TTT,,,,,,,,,TT
TT,,,,,,,,,,,,,,,,,,,,,,TTTTTTTTTTTTT,,,,,,,,,,,TTTTTTTTTTTTTT,,,,TTTT
TTT,,,,,,,,,,,,,,,,,,TTTTTTTTTTTTTTTTT,,,,,,,,TTTTTTTTTTTTTTTTTT,,,TTT
TTTTTT,,,,,,TTTTTTTTTTTTTTTTTTTTTTTT,,,,,,TTTTTTTTTTTTTTTTTTTTTTT,,,,T
TTTTTT,,,,,,,TTTTTTTTTTTTTTTTTTTTT,,,,,TTTTTTTTTTTTTTTTTTTTT,,,,,,,,TT
TTTT,,,,TTTTTTTTTTTTTTTTTTTTTTTTT,,,,,,,,TTTTTTTTTTTTTTTT,,,,,,,,,TTTT
TTTT,,,,,,,,,,,,,TTTTTTTTTTTTTT,,,,,,?,,,,,,,TTTTTTTTTTTTTTTTT,,,,,TTT
TTTTT,,,,,,,,,,,,,,TTTTTTTTTTTT,,,..,.,,,,,,,,,,,,,,TTTTTTTTTTTTTTTTTT
TTTTT,,,,,,,,,,,,TTTTTTTTTT,,,,,,.,..,.,,,,,,,,,,,,,,,,,TTTTTTTTTTTTTT
TTTT,,,,,,,,,,,,TTTTTT,,,,,,,,,,,,.,...,.,,,,,,,,,,,,,,,,,TTTTTTTTTTTT
TTT,,,,,,,,,,,,,TTTTTT,,,,,,,,,,,,,..,,,,,,,,,,,,,,,,,,,TTTTTTTTTTTTTT
TT,,,,,,.,,,,,,,,,TTTT,,,,,,,,,,,,,,,,.,,,,,,,,,,,,,,,,,,TTTTTTTTTTTTT
TTT,,,,,,,,,,,,,,,TTTTTTTT,,,,,,,,,,,,,,,,,,TTTTTTTT,,,,TTTTTTTTTTTTTT
TTTTT,,,,,,,,TTTTTTTTTTTTTTTTTTT,,,,,,,,,,TTTTTTTTTTTTTTTTTTTTTTTTTTTT
TTTTTTTTTTTTTTTTTTTTTTTTTTTTTTTTTTTTTTTTTTTTTTTTTTTTTTTTTTTTTTTTTTTTTT
-
0 10 forestPath 68 10