3
nnnnnnnnnnnnnnnnnnnnnnnnnnnnnnnnnnnnnnnnnnnnnnnnnnnnnnnnnnnnnnnnnnnnnn
nnnnnnnnnnnnnnnnnnnnnnnnnnnnnnnnnnnnnnnnnnnnnnnnnnnnnnnnnnnnnnnnnnnnnn
nnnnnnnnnnnnnnnnnnnnnnnnnnnnnnnnnnnnnnnnnnnnnnnnnnnnnnnnnnnnnnnnnnnnnn
nnnnnnnnnnnnnnnnnnnnnnnnnnnnnnnnnnnnnnnnnnnnnnnnnnnnnnnnnnnnnnnnnnnnnn
nnnnnnnnnnnnnnnnnnnnnnnnnnnnnnnnnnnnnnnnnnnnnnnnnn.................>nn
nnnnnnnnnnnnnnnnnnnnnnnnnnnnnnnnnnnn...............nnnnnnnnnnnnnnnnnnn
nnnnnnnnnnnnnnnnnnnnnnnnnnnnnn........nnnnnnnnnnnnnnnnnnnnnnnnnnnnnnnn
nnnnnnnnnnnnnnnnnnnnnnnnn.........nnnnnnn...........nnnnnnnnnnnnnnnnnn
nnnnnnnnnnnnnnnnnnnnnn....nnnnnnnnnnnnnnnnnn..nnnnn..nnnnnnnnnnnnnnnnn
nnnnnnnnnnnnnnnnnnnn....nnnnnnnnnn...........nnnnnnn.nnnnnnnnnnnnnnnnn
nnnnnnnnnnnnnnnnnnn..nnnnnnnnnnnnnnnn..nnnnnnnnnnnnn.nnnnnnnnnnnnnnnnn
nnnnnnnnnn.............nnnnnnnnnnn....nnnnnnnnnnnnn..nnnnnnnnnnnnnnnnn
nnnnnnnnnnnnnnnnnnn................nnnnnnnnnnnnn..........nnnnnnnnnnnn
nnnnnnnnnnnnnnnnnnnnnnnnnnnnnnnnnnnnnnnnnnnnnnnnnnnnnnnnn..nnnnnnnnnnn
nnnnnnnnnnnnnnnnnnnnnnnnnnnnnnnnnnnnnnnnnnnnnnnnnnn...........nnnnnnnn
nnnnnnnnnnnnnnnnnnnnnnn.........nnnnnnnnnnnnn.......nnnnnnnnnnnnnnnnnn
nnnnnnnnnnnnnnnnnnnnnnnnnnnnnn...nnnnn..........nnnnnnnnnnnnnnnnnnnnnn
nnnnnnnnnnnnnnnnnnnn...................nnnnnnnnnnnnnnnnnnnnnnnnnnnnnnn
nnnnnnnnnnnnnnnnn....nnnnnnnnnnnnnnnnnnnnnnnnnnnnnnnnnnnnnnnnnnnnnnnnn
nnnnnnnnnnnnnnnn..nnnnnnnnnnnnnnnnnnnnnnnnnnnnnnnnnnnnnnnnnnnnnnnnnnnn
nnnnnnnnnnnnn.....nnnnnnnnnnnnnnnn..............nnnnnnnnnnnnnnnnnnnnnn
nnnnnnnnnnnnnnnnn...nnnnnnnnnnnnnnn..nnnnnnnnn...nnnnnnnnnnnnnnnnnnnnn
nnnnnnnnnnnnnnnnnnn..nnnnnnnnnnn....nnnnnnnnnnnn..nnnnnnnnnnnnnnnnnnnn
nnnnnnnnnnnnn....................nnnnn?..................nnnnnnnnnnnnn
nnnnnnnnnnnnnnnnnnnnnnnnnnnnnnnnnnnnnnnnnnnnnnnnnnnnnnnn...........nnn
nnnnnnnnnnnnnnnnnnnnnnnnnnnnnnnnnnnnnnnnnnnnnnnnnnnnnnnnnnnnnnnnn....n
nnnnnnnnnnnnnnnnnnnnnnnnnnnnnnnnnnnnnnnnnnnnnnnnnnnnnnnnnnnnnnnnnnnn.n
nnnnnnnnnnnnnnnnnnnnnnnnnnnnnnnnnnnnnnnnnnnn.........nnnnnnnnnnnnnnn.n
nnnnnnnnnnnnnnnnnnnnnnnnnnnnnnnnnnnnnn.......nnnnn.............nnnn..n
nnnnnnnnnnnnnnnnnnnnnnnnnnnnnn..........nnnnnnnnnnnnnnnnnnnnn........n
nnnnnnnnnnnnnnnnnnnnnnn.........nnnnnnnnnnnnnnnnnnnnnnnnnnnnnnnnnnnnnn
nnnnnnnnnnnnn............nnnnnnnnnnnnnnnnnnnnnnnnnnnnnnnnnnnnnnnnnnnnn
nnn>............nnnnnnnnnnnnnnnnnnnnnnnnnnnnnnnnnnnnnnnnnnnnnnnnnnnnnn
nnnnnnnnnnnnnnnnnnnnnnnnnnnnnnnnnnnnnnnnnnnnnnnnnnnnnnnnnnnnnnnnnnnnnn
nnnnnnnnnnnnnnnnnnnnnnnnnnnnnnnnnnnnnnnnnnnnnnnnnnnnnnnnnnnnnnnnnnnnnn
-
3 32 abyss 36 2
67 4 plains 1 17