7
TTTTTTTTTTTTTTTTTTTTTTTTTTTTTTTTTTTTTTTTTTTTTTTTTTTTTTTTTTTTTTTTTTTTTT
TTTTTTTTTTTTTTTTTTTTTTTTTTTTTTTTTTTTTTTTTTTTTTTTTTTTTTTTTTTTTTTTTTTTTT
TTTTTTTTTTTTTTTTTTTTTTTTTTTTTTTTTTTTTTTTTTTTTTTTTTTTTTTTTTTTTTTTTTTTTT
TTTTTTTTTTTTTTTTTTTTTTTTTTTTTTTTTTTTTTTTTTTTTTTTTTTTTTTTTTTTTT,,,,,TTT
TTTTTTTTTTTTTTTTTTTTTTTTTTTTTTTTTTTTTTTTTTTTTTTTTTTTTTTTTTTT,,,M,,,,TT
TTTTTTTTTTTTTTTTTTTTTTTTTTTTTTTTTTTTTTTTTTTTTTTTTTTTTTTTTT,,,,,,,,,TTT
TTTTTTT,,,,,TTTTTTTTTTTTTTTTTTTTTTTTTTTTTTTTTTTTTTTTTTTTTTTT,,,,,TTTTT
TTTTTTTT,,,,,,,,,,,,,TTTTTTTTTTTTTTTTTTTTTTTTTTTTTTTTTTTTTTTTTTTTTTTTT
TTTT,,,,,,,,,,,,,,,,,,,,,,,,,TTTTTTTTTT,,,,,,,,,TTTTTTTTTTTTTTTTTTTTTT
TT,,,,,,,,,,,,,,,,,,,,,,,,,,,,,,,,,,,,,,,,,,,,,,,,,,,,,,,,,,,,,,TTTTTT
T,,,,,,,,,,,,,,,,,,,,,,,,,,,,,,,,,,,,,,,,,,,,,,,,,,,,,,,,,,,,,,,,,,,,>
T,,,,,,,,,TTTTTTTTTTTTT,,,,,,,,,,,,,,,,,,,,,,,,,,,,,,,,,,,,,,,,,,,,TTT
T,,,,,,TTTTTTTTTTTTTTTTTTTTTTTTTTTTTTTTT,,,,,,,,,,,TTTTTTTTTTTTTTTTTTT
TT,,,,TTTTTTTTTTTTTTTTTTTTTTTTTTTTTTTTTTTTTTTTTTTTTTTTTTTTTTTTTTTTTTTT
TTT,,,,,,TTTTTTTTTTTTTTTTTTTTTTTTTTTTTTTTTTTTTTTTTTTTTTTTTTTTTTTTTTTTT
TTTTT,,,,,,,TTTTTTTTTTTTTTTTTTTTTTTTTTTTTTTTTTTTTTTTTTTTTTTTTTTTTTTTTT
TTTTT,,,,,,,,,,,,,TTTTTTTTTTTTTTTTTTTTTTTTTTTTTTTTTTTTTTTTTTTTTTTTTTTT
TTTTTTT,,,,,,,,,,,,,,,,,,,,,,,,,,,,TTTTTTTTTTTTTTTTTTTTTTTTTTTTTTTTTTT
TTTTTT,,,,,,,,,,,,,,,,,,,,,,,,,,,,,,,,TTTTTTTTTTTTTTTTTTTTTTTTTTTTTTTT
TTTT,,,,,,,,,,,,TTTTTTTTTTTT,,,,,,,,,,,,TTTTTTTTTTTTTTTTTTTTTTTTTTTTTT
TTTTTT,,,,,TTTTTTTTTTTTTTTTTTTT,,,,,,,,,,,,TTTTTTTTTTTTTTTTTTTTTTTTTTT
TTTTT,,,,,TTTTTTTTTTTTTTTTTTTTTTT,,,,,,,,,,,TTTTTTTTTTTTTTTTTTTTTTTTTT
TTTTT,,,,,,TTTTTTTTTTTTTTTTTTTTTT,,,,,,,,,,,,TTTTTTTTTTTTTTTTTTTTTTTTT
TTTTTTT,,,,,,TTTTTTTTTTTTTTTTTTTTT,,,,,,,,,,,,,TTTTTTTTTTTTTTTTTTTTTTT
TTTTT,,T,,,,,,,,TTTTTTTTTTTTTTTTTTTTT,,,,,,,,,,,,,,,,TTTTTTTTTTTTTTTTT
TTTTT,,,,,,,,,TTTTTTTTTTTTTTTTTTTTtTTTTTT,,,,,,,,,,,,,,,,,,TTTTTTTTTTT
TTTTTTT,,,,,,TTTTTTTTTTTTTTTTTTTTTTTTTTTTTTTTT,,,,,,,,,,,,,,TTTTTTTTTT
TTTTTTTT,,,,,,,,TTTTTTTTTTTTTTTTTTTTTTTTTTTTTTTT,,,,,,,,,,,,,TTTTTTTTT
,TTTTT,,,,,,,,,,,,,TTTTTTTTTTTTTTTTTTTTTTTTTTTTTTTT,,,,,,,,,,,,,,,TTTT
,,TTTTTTT,,,,,,,,,,,,,TTTTTTTTTTTTTTTTTTTTTTTTTTTTTTT,,,####/####,,,TT
,,TTTTTTTTT,,,,,,,,,,,,,TTTTTTTTTTTTTTTTT,,TTTTTTTTTTTT,#?......#,,,TT
,,,TTTTTT,,,,,,,,,,,,,,,,,,,TTTT,,,,,,,,,,,,,TTTTTTTT,,,#.......#,,,TT
,,,,,TTTTTTT,,,,,,,,,,,,,,,,,,,,,,,,,,,,,,,,,,,,,,,,,,,,#......>#,TTTT
,M,,,,TTTTTTTTTTTTT,,,,,,,,,,,TTTTTTTTTTTTT,,,,,,,,,,,,,#########TTTTT
,,,,,,,,,,,TTTTTTTTTTTTTTTTTTTTTTTTTTTTTTTTTTTTTTTTTTTTTTTTTTTTTTTTTTT
-
69 10 clearing 1 10
63 32 undergroundRoom 62 32