15
######################################################################
#,,,,,,,,,,,,,,,,,,,,,,,,,,,,,,,+....+,,,,,,,,,,,,,,,,,,,,,,,,,,,,,,,#
#,,,,,,,,,,,,,,,,,,,,,,,,,,,,,,,+....+,,,,,ii,,,,,,,,,,,,,,,,,ii,,,,,#
#,,,,wwww,,,,,,,,,,vvvvvv,,,,,,,+....+,,,,,,,,,,,,,,iiii,,,,,,,,,,,,,#
#,,,,,,,www,,,,vvvvvvvvvvvvv,,,,+....+,,,,,,,,i,,,,,,,,,,,,,,,,,,,,,,#
#,,,,,,www,,,,,,,,,,,,,,,,,,,,,,+....+vvv,,,,,,i,,,,,,,,,,,,,,,,,,,,,#
#,,,,,,,,wwwwwwww,,,,,,,,,,,,,,,+....+,,,,,,,,,,,,,,,,,,,,i,,,,iiii,,#
#,,,,,,,,,,,wwww,iiiiiii,,,,,,,,+....+,,,,,,,,,,,,,v,,,,,,,,,,,,,,,,,#
#,,,,vvvviii,,,www,,,iiii,,,,,,,+....+,,,,,,,,,,,vvvv,,,,,,,,,,,,,,,,#
#,,,,,,vivv,,wwwwwwww,,,,,,,,,,,+....+,,,,,,,,,,,,,,vvv,,,,,,,,i,,,,,#
#,,,,,,,,iii,,,,,,wwwwww,,,,,,,,+....+,,,iiii,,,,,,,,v,,,,,,,,,,,,,,,#
#,,,,,,,,,,,,,,,,,,,,wwwwww,,,,,+....+,,,,,,,,,,,,,,,,,,iii,,,,,,,,,,#
#,,,,,,,,,,,,,,,,,,,,vvvv,,,,,,,+....+,,,,,,,,,i,,,,,,,,,,,ii,,,,,,,,#
#,,,,,,,,,,,,,vvvviiii,iiii,,,,,+....+vvv,,,,,,,,,,,,,,,,,,,,,,,,,,,,#
#,,,,,,,,,,,vvvvviii,vvvvvvv,,,,+....+v,,,,,,,,,vvv,,,,,,,,,,,,,,,,,,#
#++++++++++++++++++++++++++++++++....++++++++++++++++++++++++++++++++#
#....................................................................#
#<.................................?................................<#
#....................................................................#
#++++++++++++++++++++++++++++++++....++++++++++++++++++++++++++++++++#
#,,,,,,,,,,,,,,,,,,,,,,,,,,,,,,,+....+,,i,,,,,,,,,,,,,,,,,,,,,iiii,,,#
#,,,,,,,,,,iiwwww,,,,,,,,,,,,,,,+....+,,,,,,,,i,,,,,,,,,,,,,i,,,,,,,,#
#,,,,,wwwwwwwwwwwww,,,,,,,,,,,,,+....+,,,,,,,,,,,,,,,vvwwww,,,,,,,,,,#
#,,,,,,,wwwwwwwwwwwwww,,,,,,iii,+....+,,,,,,,,,,,v,wwwwwwwwwwwwww,,,,#
#,,,,,,,,,wwwwwwwwww,,,,,,,,,,,,+....+,,v,,,,,,,wwwwwwwwwwwwwwwwwww,,#
#,,,,,,,,,,wwwwwwwwv,,,,,,,,,,,,+....+,vvv,,,,,wwwwwwwwwwwwwwwwwwwww,#
#,,,,,,,,,,,,wwww,,,v,,,,,,,,,,,+....+,,,,,,,,wwwwwwwwwwwwwwwwwwwwww,#
#,,,,,,,,,,,,,,,,v,,,,,,,,,,,,,,+....+,,,,,wwwwwwwwwwwwwwwwwwwwwwww,,#
#,,,,,,,,,,,,,,,,,,,,,,,,,,,,,,,+....+,,,,wwwwwwwwwwwwwwwwwwwwwwwww,,#
#,,,,i,,,,,,,,,,,,,,,,,,,,,,,,,,+....+,,,,,,,wwwwwwwwwwwwwwwwwwww,,i,#
#,,,,,,,,,,ii,,,,,,,,,,,v,,,vv,,+....+,,,v,v,,,,,,wwwwwwwwww,,,,,,,,,#
#,,,,,,,,,,,,,,,,,,,,,,,,vvv,,,,+....+,,,,v,,,,,,v,,,,,,,,,,,,,ii,,,,#
#,,,,,,,,,,,,,,,,,,,,,,,,,,,v,,,+....+,,,,,,,,,,,,,,,,,,,,,,,,,,,,,,,#
#,,,,,,,,,,,,,,,,,,,,,,,,,,,v,,,+....+,,,,,,,,,,,,,,,,,,,,,,,,,,,,,,,#
######################################################################
-
68 17 undergroundHall 16 17
1 17 abyss 67 17