25
TTTTTTTTTTTTTTTTTTTTTTTTTTTTTTTTTTTT,,,,,,,,,,,,,,,,,,,,,,,,,,,,,,,,,,
TTTTTTTTTTTTTTTTTTTTTTTTTTTTT,,,,,,,,,,,,,,,,,,,,,,,,,,,,,,,,,,,,,,,,,
TTTTTTTTTTTTTTTTTTTTTTT,,,,,,,,,,,,,,www,,,,,,,,,,,,,,,,,,,,,,,,,,,,,,
TTTTTTTTTTTTTTTT,,,,,,,,,,,,,,,,,,,wwwwwww,,,,,,,,,,,,,,,,,,,,,,,,,,,,
TTTTTTTTTTTTTT,,,,,,,,,,,,,,,,,,wwwww,,,,wwww,,,,,,,,,,,,,,,,,,,,,,,,,
TTTTTTTTTTT,,,,,,,,,,,,,,,,,,wwww,,,,,,,,,,,,wwwwwww,,,,,,,,,,,,,,,,,,
TTTTTTTT,,,,,,,,,,,,,,,,,,wwwww,,,,,,,,,,,,,,,,wwwwwww,,,,,,,,,,,,,,,,
TTTTT,,,,,,,,,,,,,,,,,,wwww,,,,,,,,,,,iii,,,,,,,,,,wwwww,,,,,,,,,,,,,,
TT,,,,,,,,,,,,,,,,,,,www,,,,,,i,vv,,,,,,,,,,,,,,,,,,,,,wwww,,,,,,,,,,,
T,,,,,,,,,,,,,,,,,,www,,,,,,,,,,,,,,,,,,,,,,,,,,,,,,,,,,,wwwwwww,,,,,,
T,,,,,,,,,,,,,,,,www,,,,,,,,,,,,,,,,,,,,,,,,,,,,,,,,,,,,,,,,,,wwww,,,,
,,,,,,,,,,,,,,,wwwww,,,,,,,,,,,,,,,,,,,,,,,,,,,,,,,,,,,,,,,,,,,,,www,,
,,,,,,,,,,,,wwwwwww,,,,,,,,,,,,,v,,,,,,,,,,,,,,,,,,,,,,,,,,,,,,,,,,www
,,,,,,,,wwwww,,,,,,,,,,,,,,,vv,,,,,,,,,,,,,,,,,,,,,,,vvvii,,,,,,,www,,
,,,,,wwww,,,,,,,,,,,,,vvvv,,,,,,,,,,,,,,,,,,,,,,,,,,,,,,,,,,,,,,,wwwww
,,wwwww,,,,,,,,,,,,,,,,,vvv,,,,,,,,,,,,,,,,,,,,,,,,,,,,,,,,,,,,,,,,www
#####,,,,,,,,,,,,,,,,,,,,,,,,,,,,,,,,,,,,,,,,,,,,,,,,,,,,,,,,,,,,,,,,w
#...*,,,,,,,,,,,,,,,,,,,,,,,,,,,,,,,,?,,,,,,,vv,,,,,,,,,,,,,,,,,,,,www
#####,,,,,,,,,,,,,,,,,,,,,,,,,,,,,,,,,,,,,,,,,,,,,,,,,,,,,,,,,,,wwwww,
wwww,,,,,,,,,,,,,,,,,,,,,,,,,,,,,,,,,,,,,,,,,,,,,v,,,,,,,,,,,,wwwww,,,
wwww,,,,,,,,,vvvv,,,,,,,,,,,,iiiii,,,,,,,,,,,,,,,,v,,,,,,,,,,,www,,,,,
,,wwww,,,,,,,,,,,,,,,,,,,,,,,,,i,,,,,,,,,,,,,,,,,,,,,,,,v,,,wwww,,,,,,
,,,,wwwww,,,,,,,,,,,,,,,,,,,,,,,,,ii,,,,,,,,,,,,,,,,,,,,,,,,,wwww,,,,,
,,,,,,wwwwwww,,,,,,,,,,,,,,,,,,,,,,i,,,,,,,,,,,,,,,i,,,,,,,,,,,www,,,,
,,,,,,,,,wwwwwwwwww,,,,,,,,,,,ii,,,,,,,,,,,,,,,,,,,,,,,,,,,,,,,,wwwww,
T,,,,,,,,,,,,,,,wwwwwww,,,,,,,,,i,,,,,,,,,,,,,,,,,,,,,,,,,,,,,wwwwww,,
TT,,,,,,,,,,,,,,,,wwwwwwwww,,,,,,,,,,,,,,,,,,,,,,,,,,,,wwwwwwwww,,,,,,
TT,,,,,,,,,,,,,,,,,,,,,,wwww,,,,,,,,i,,,,,,,,,,,,,,,,wwwwwwww,,,,,,,,,
TT,,,,,,,,,,,,,,,,,,,,,,,,www,,,,,,,,,,,,,,,,iii,,,,wwwww,,,,,,,,,,,,,
TTTT,,,,,,,,,,,,,,,,,,,,,,,wwww,,,,,,,,,,,,,,,,,,,wwww,,,,,,,,,,,,,,,,
TTTTTT,,,,,,,,,,,,,,,,,,,,,,,wwwwwww,,,,,,,,,,,,,,,ww,,,,,,,,,,,,,,,,,
TTTTTTTTTT,,,,,,,,,,,,,,,,,,,,,wwwwwwwwwww,,,,wwwwww,,,,,,,,,,,,,,,,,,
TTTTTTTTTTTTTTT,,,,,,,,,,,,,,,,,,wwwwwwwwwwwwww,,,,,,,,,,,,,,,,,,,,,,,
TTTTTTTTTTTTTTTTTTTTTTTTTT,,,,,,,,,,,,,,,wwwww,,,,,,,,,,,,,,,,,,,,,,,,
TTTTTTTTTTTTTTTTTTTTTTTTTTTT,,,,,,,,,,,,,,,,,,,,,,,,,,,,,,,,,,,,,,,,,,
-