10
nnnnnnnnnnnnnnnnnnnnnnnnnnnnnnnnnnnnnnnnnnnnnnnnnnnnnnnnnnnnnnnnnnnnnn
nnnnnnnnnnnnnnnnnnnnnnnnnnnnnnnnnnnnnnnnnnnnnnnnnnnnnnnnnnnnnnnnnnnnnn
nnnnnnnnnnnnnnnnnnnnnnnnnnnnnnnnnnnnnnnnnnnnnnnnnnnnnnnnnnnnnnnnnnnnnn
nnnnnnnnnnnnnnnnnnnnnnnnnnnnnnnnnnnnnnnnnnnnnnnnnnnnnnnnnnnnnnnnnnnnnn
nnnnnnnn##########################################################nnnn
nnnnnnnn#........................................................#nnnn
nnnnnnnn#........................................................#nnnn
nnnnnnnn#........................................................#nnnn
nnnnnnnn#.............###################################/########nnnn
nnnnnnnn#.............#nnnnnnnnnnnnnnnnnnnnnnnnnn#...............#nnnn
nnnnnnnn#.............#nnnnnnnnnnnnnnnnnnnnnnnnnn#...............#nnnn
nnnnnnnn#.............#nnnnnnnnnnnnnnnnnnnnnnnnnn#...............#nnnn
nnnnnnnn#.............#nnnnnnnnnnnnnnnnnnnnnnnnnn#...............#nnnn
nnnnnnnn#.............#nnnnnnnnnnnnnnnnnnnnnnnnnn#...............#nnnn
nnnnnnnn#.............#nnnnnnnnnnnnnnnnnnnnnnnnnn#...............#nnnn
nnnnnnnn#.............#nnnnnnnnnnnnnnnnnnnnnnnnnn#.......<.......#nnnn
nnnnnnnn#.............#nnnnnnnnnnnnnnnnnnnnnnnnnn#################nnnn
nnnnnnnn#........######nnnnnnnnnnnnnnnnnnnnnnnnnnnnnnnnnnnnnnnnnnnnnnn
nnnnnnnn#........#....#nnnnnnnnnnnnnnnnnnnnnnnnnnnnnnnnnnnnnnnnnnnnnnn
nnnnnnnn#........#....#nnnnnnnnnnnnnnnnnnnnnnnnnnnnnnnnnnnnnnnnnnnnnnn
nnnnnnnn#......../....#nnnnnnnnnnnnnnnnnnnnnnnnnnnnnnnnnnnnnnnnnnnnnnn
nnn######........#....#nnnnnnnnnnnnnnnnnnnnnnnnnnnnnnnnnnnnnnnnnnnnnnn
nnn#....#........#....#nnnnnnnnnnnnnn#########nnnnnnnnnnnnnnnnnnnnnnnn
nnn#....#........######nnnnnnnnnnnnnn#.......#nnnnnnnnnnnnnnnnnnnnnnnn
nnn#.?..#........#....#nnnnnnnnnnnnnn#.......#nnnnnnnnnnnnnnnnnnnnnnnn
nnn#....#........#....#nnnnnnnnnnnnnn#.......#nnnnnnnnnnnnnnnnnnnnnnnn
nnn#....#......../....#nnnnnnnnnnnnnn#.......#nnnnnnnnnnnnnnnnnnnnnnnn
nnn#....#........#....#nnnnnnnnnnnnnn#.......#nnnnnnnnnnnnnnnnnnnnnnnn
nnn#....#........#....#nnnnnnnnnnnnnn#.......#nnnnnnnnnnnnnnnnnnnnnnnn
nnn#....#........########################/#######################nnnnn
nnn#....#...............................................#.......#nnnnn
nnn#....#...............................................*.......#nnnnn
nnn#..../...............................................#......>#nnnnn
nnn##############################################################nnnnn
nnnnnnnnnnnnnnnnnnnnnnnnnnnnnnnnnnnnnnnnnnnnnnnnnnnnnnnnnnnnnnnnnnnnnn
-
63 32 forestPath 62 32
57 15 undergroundHall 65 17