20
nnnnnnnnnnnnn#########nnnnnnnnnnnnnnnnnnnnnnnnnnnnnnnnnnnnnnnnnnnnnnnn
nnnnnnnnn#####.......#####nnnnnnnnnnnnnnnnnnnnnnnnnnnnnnnnnnnnnnnnnnnn
nnnnnn####...............####nnnnnnnnnnnnnnnnnnnnnnnnnnnnnnnnnnnnnnnnn
nnnn###.....................###nnnnnnnnnnnnnnnnnnnnnnnnnnnnnnnnnnnnnnn
nnn##.........................##nnnnnnnnnnnnnnnnnnnnnnnnnnnnnnnnnnnnnn
nnn#...........................#nnnnnnnnnnnnnnnnnnnnnnnnnnnnnnnnnnnnnn
nn##...........................##nnnnnnnnnnnnnnnnnnnnnnnnnnnnnnnnnnnnn
nn#.............................#nnnnnnnnnnnnnnnnnnnnnnnnnnnnnnnnnnnnn
nn#.............................#nnnnnnnnnnnnnnnnnnnnnnnnnnnnnnnnnnnnn
n##.............................##nnnnnnnnnnnnnnnnnnnnnnnnnnnnnnnnnnnn
n#...............................#nnnnnnnnnnnnnnnnnnnnnnnnnnnnnnnnnnnn
n#...............................#nnnnnnnnnnnnnnnnnnnnnnnnnnnnnnnnnnnn
n#...............................#nnnnnnnnnnnnnnnnnnnnnnnnnnnnnnnnnnnn
##...............................##nnnnnnnnnnnnnnnnnnnnnnnnnnnnnnnnnnn
#.................................###################################n
#...................................................................#n
#...................................................................#n
#................<.....?...........................................>#n
#...................................................................#n
#...................................................................#n
#.................................###################################n
##...............................##nnnnnnnnnnnnnnnnnnnnnnnnnnnnnnnnnnn
n#...............................#nnnnnnnnnnnnnnnnnnnnnnnnnnnnnnnnnnnn
n#...............................#nnnnnnnnnnnnnnnnnnnnnnnnnnnnnnnnnnnn
n#...............................#nnnnnnnnnnnnnnnnnnnnnnnnnnnnnnnnnnnn
n##.............................#nnnnnnnnnnnnnnnnnnnnnnnnnnnnnnnnnnnnn
nn#.............................#nnnnnnnnnnnnnnnnnnnnnnnnnnnnnnnnnnnnn
nn#.............................#nnnnnnnnnnnnnnnnnnnnnnnnnnnnnnnnnnnnn
nn##...........................#nnnnnnnnnnnnnnnnnnnnnnnnnnnnnnnnnnnnnn
nnn#...........................#nnnnnnnnnnnnnnnnnnnnnnnnnnnnnnnnnnnnnn
nnn##.........................#nnnnnnnnnnnnnnnnnnnnnnnnnnnnnnnnnnnnnnn
nnnn###.....................##nnnnnnnnnnnnnnnnnnnnnnnnnnnnnnnnnnnnnnnn
nnnnnn####...............###nnnnnnnnnnnnnnnnnnnnnnnnnnnnnnnnnnnnnnnnnn
nnnnnnnnn#####.......####nnnnnnnnnnnnnnnnnnnnnnnnnnnnnnnnnnnnnnnnnnnnn
nnnnnnnnnnnnn########nnnnnnnnnnnnnnnnnnnnnnnnnnnnnnnnnnnnnnnnnnnnnnnnn
-
67 17 undergroundRoom 57 14
17 17 garden 67 17